  StdAfx.cpp
  AttributeData.cpp
  AttributeInstance.cpp
  Camera.cpp
  CollisionData.cpp
  ColorTransitionHelper.cpp
  CRenderTarget.cpp
  CRenderTargetManager.cpp
  Decal.cpp
  EnvironmentMap.cpp
  FileLoaderThread.cpp
  FileWatcher.cpp
  GrpCollisionObject.cpp
  GrpColor.cpp
  GrpColorInstance.cpp
C:\Users\yigit\Desktop\Elvion Project\Elvion (3)\Elvion-core\Client\EterLib\StateManager.h(167,13): warning C4101: 'y': yerel değişken başvurusu kaldırıldı
  ('/Decal.cpp' kaynak dosyası derleniyor)
  
C:\Users\yigit\Desktop\Elvion Project\Elvion (3)\Elvion-core\Client\EterLib\StateManager.h(167,13): warning C4101: 'y': yerel değişken başvurusu kaldırıldı
  ('/CollisionData.cpp' kaynak dosyası derleniyor)
  
  GrpD3DXBuffer.cpp
  GrpDIB.cpp
  GrpIndexBuffer.cpp
C:\Users\yigit\Desktop\Elvion Project\Elvion (3)\Elvion-core\Client\EterLib\StateManager.h(167,13): warning C4101: 'y': yerel değişken başvurusu kaldırıldı
  ('/GrpIndexBuffer.cpp' kaynak dosyası derleniyor)
  
  GrpLightManager.cpp
  GrpObjectInstance.cpp
  GrpPixelShader.cpp
  GrpRatioInstance.cpp
  GrpRenderTargetTexture.cpp
  GrpShadowTexture.cpp
  GrpVertexBuffer.cpp
  GrpVertexBufferDynamic.cpp
C:\Users\yigit\Desktop\Elvion Project\Elvion (3)\Elvion-core\Client\EterLib\StateManager.h(167,13): warning C4101: 'y': yerel değişken başvurusu kaldırıldı
  ('/GrpLightManager.cpp' kaynak dosyası derleniyor)
  
  GrpVertexBufferStatic.cpp
  GrpVertexShader.cpp
  Input.cpp
C:\Users\yigit\Desktop\Elvion Project\Elvion (3)\Elvion-core\Client\eterlib\StateManager.h(167,13): warning C4101: 'y': yerel değişken başvurusu kaldırıldı
  ('/CRenderTarget.cpp' kaynak dosyası derleniyor)
  
C:\Users\yigit\Desktop\Elvion Project\Elvion (3)\Elvion-core\Client\EterLib\StateManager.h(167,13): warning C4101: 'y': yerel değişken başvurusu kaldırıldı
  ('/GrpRenderTargetTexture.cpp' kaynak dosyası derleniyor)
  
C:\Users\yigit\Desktop\Elvion Project\Elvion (3)\Elvion-core\Client\EterLib\StateManager.h(167,13): warning C4101: 'y': yerel değişken başvurusu kaldırıldı
  ('/GrpVertexBuffer.cpp' kaynak dosyası derleniyor)
  
  LensFlare.cpp
  lineintersect_utils.cpp
C:\Users\yigit\Desktop\Elvion Project\Elvion (3)\Elvion-core\Client\EterLib\StateManager.h(167,13): warning C4101: 'y': yerel değişken başvurusu kaldırıldı
  ('/GrpShadowTexture.cpp' kaynak dosyası derleniyor)
  
C:\Users\yigit\Desktop\Elvion Project\Elvion (3)\Elvion-core\Client\EterLib\StateManager.h(167,13): warning C4101: 'y': yerel değişken başvurusu kaldırıldı
  ('/GrpPixelShader.cpp' kaynak dosyası derleniyor)
  
C:\Users\yigit\Desktop\Elvion Project\Elvion (3)\Elvion-core\Client\EterLib\StateManager.h(167,13): warning C4101: 'y': yerel değişken başvurusu kaldırıldı
  ('/GrpVertexShader.cpp' kaynak dosyası derleniyor)
  
  MSApplication.cpp
  MSWindow.cpp
  Mutex.cpp
  parser.cpp
  PathStack.cpp
  ReferenceObject.cpp
  ScreenFilter.cpp
  SkyBox.cpp
  TargaResource.cpp
C:\Users\yigit\Desktop\Elvion Project\Elvion (3)\Elvion-core\Client\EterLib\StateManager.h(167,13): warning C4101: 'y': yerel değişken başvurusu kaldırıldı
  ('/ScreenFilter.cpp' kaynak dosyası derleniyor)
  
  Thread.cpp
C:\Users\yigit\Desktop\Elvion Project\Elvion (3)\Elvion-core\Client\EterLib\StateManager.h(167,13): warning C4101: 'y': yerel değişken başvurusu kaldırıldı
  ('/LensFlare.cpp' kaynak dosyası derleniyor)
  
  Util.cpp
  CullingManager.cpp
  GrpBase.cpp
  GrpDetector.cpp
  GrpDevice.cpp
  GrpMath.cpp
  GrpScreen.cpp
C:\Users\yigit\Desktop\Elvion Project\Elvion (3)\Elvion-core\Client\EterLib\StateManager.h(167,13): warning C4101: 'y': yerel değişken başvurusu kaldırıldı
  ('/GrpDevice.cpp' kaynak dosyası derleniyor)
  
C:\Users\yigit\Desktop\Elvion Project\Elvion (3)\Elvion-core\Client\EterLib\StateManager.h(167,13): warning C4101: 'y': yerel değişken başvurusu kaldırıldı
  ('/GrpBase.cpp' kaynak dosyası derleniyor)
  
  StateManager.cpp
C:\Users\yigit\Desktop\Elvion Project\Elvion (3)\Elvion-core\Client\EterLib\StateManager.h(167,13): warning C4101: 'y': yerel değişken başvurusu kaldırıldı
  ('/SkyBox.cpp' kaynak dosyası derleniyor)
  
  Resource.cpp
  ResourceManager.cpp
C:\Users\yigit\Desktop\Elvion Project\Elvion (3)\Elvion-core\Client\EterLib\StateManager.h(167,13): warning C4101: 'y': yerel değişken başvurusu kaldırıldı
  ('/StateManager.cpp' kaynak dosyası derleniyor)
  
C:\Users\yigit\Desktop\Elvion Project\Elvion (3)\Elvion-core\Client\EterLib\StateManager.h(167,13): warning C4101: 'y': yerel değişken başvurusu kaldırıldı
  ('/GrpScreen.cpp' kaynak dosyası derleniyor)
  
  GrpExpandedImageInstance.cpp
  GrpImage.cpp
C:\Users\yigit\Desktop\Elvion Project\Elvion (3)\Elvion-core\Client\EterLib\GrpScreen.cpp(709,43): warning C4838: 'UINT ile 'LONG arasında dönüştürme bir daraltma dönüştürmesi gerektiriyor
  ('/GrpScreen.cpp' kaynak dosyası derleniyor)
  
C:\Users\yigit\Desktop\Elvion Project\Elvion (3)\Elvion-core\Client\EterLib\GrpScreen.cpp(710,63): warning C4838: 'UINT ile 'LONG arasında dönüştürme bir daraltma dönüştürmesi gerektiriyor
  ('/GrpScreen.cpp' kaynak dosyası derleniyor)
  
C:\Users\yigit\Desktop\Elvion Project\Elvion (3)\Elvion-core\Client\EterLib\GrpScreen.cpp(710,103): warning C4838: 'UINT ile 'LONG arasında dönüştürme bir daraltma dönüştürmesi gerektiriyor
  ('/GrpScreen.cpp' kaynak dosyası derleniyor)
  
C:\Users\yigit\Desktop\Elvion Project\Elvion (3)\Elvion-core\Client\EterLib\GrpScreen.cpp(712,75): warning C4838: 'UINT ile 'LONG arasında dönüştürme bir daraltma dönüştürmesi gerektiriyor
  ('/GrpScreen.cpp' kaynak dosyası derleniyor)
  
C:\Users\yigit\Desktop\Elvion Project\Elvion (3)\Elvion-core\Client\EterLib\StateManager.h(167,13): warning C4101: 'y': yerel değişken başvurusu kaldırıldı
  ('/GrpExpandedImageInstance.cpp' kaynak dosyası derleniyor)
  
  GrpImageInstance.cpp
  GrpImageTexture.cpp
C:\Users\yigit\Desktop\Elvion Project\Elvion (3)\Elvion-core\Client\EterLib\StateManager.h(167,13): warning C4101: 'y': yerel değişken başvurusu kaldırıldı
  ('/GrpImageInstance.cpp' kaynak dosyası derleniyor)
  
  GrpMarkInstance.cpp
  GrpSubImage.cpp
  GrpTexture.cpp
  NetAddress.cpp
C:\Users\yigit\Desktop\Elvion Project\Elvion (3)\Elvion-core\Client\EterLib\StateManager.h(167,13): warning C4101: 'y': yerel değişken başvurusu kaldırıldı
  ('/GrpTexture.cpp' kaynak dosyası derleniyor)
  
  NetDatagram.cpp
C:\Users\yigit\Desktop\Elvion Project\Elvion (3)\Elvion-core\Client\EterLib\StateManager.h(167,13): warning C4101: 'y': yerel değişken başvurusu kaldırıldı
  ('/GrpMarkInstance.cpp' kaynak dosyası derleniyor)
  
  NetDatagramReceiver.cpp
  NetDatagramSender.cpp
  NetDevice.cpp
  NetPacketHeaderMap.cpp
  NetStream.cpp
  GrpFontTexture.cpp
  GrpText.cpp
C:\Users\yigit\Desktop\Elvion Project\Elvion (3)\Elvion-core\Client\EterLib\GrpMarkInstance.cpp(77,31): warning C5055: '*' işleci: numaralandırmalar ile kayan nokta türleri arasında kullanım dışı
  ('/GrpMarkInstance.cpp' kaynak dosyası derleniyor)
  
C:\Users\yigit\Desktop\Elvion Project\Elvion (3)\Elvion-core\Client\EterLib\GrpMarkInstance.cpp(78,33): warning C5055: '*' işleci: numaralandırmalar ile kayan nokta türleri arasında kullanım dışı
  ('/GrpMarkInstance.cpp' kaynak dosyası derleniyor)
  
C:\Users\yigit\Desktop\Elvion Project\Elvion (3)\Elvion-core\Client\EterLib\GrpFontTexture.cpp(282,51): warning C4267: '=': 'size_t' - 'short' dönüşümü; veri kaybı olabilir
  ('/GrpFontTexture.cpp' kaynak dosyası derleniyor)
  
  GrpTextInstance.cpp
  TextTag.cpp
  BlockTexture.cpp
  DibBar.cpp
  TextBar.cpp
  IME.cpp
C:\Users\yigit\Desktop\Elvion Project\Elvion (3)\Elvion-core\Client\eterlib\StateManager.h(167,13): warning C4101: 'y': yerel değişken başvurusu kaldırıldı
  ('/BlockTexture.cpp' kaynak dosyası derleniyor)
  
C:\Users\yigit\Desktop\Elvion Project\Elvion (3)\Elvion-core\Client\EterLib\StateManager.h(167,13): warning C4101: 'y': yerel değişken başvurusu kaldırıldı
  ('/GrpTextInstance.cpp' kaynak dosyası derleniyor)
  
C:\Users\yigit\Desktop\Elvion Project\Elvion (3)\Elvion-core\Client\EterLib\DibBar.cpp(7,21): warning C4838: 'DWORD ile 'LONG arasında dönüştürme bir daraltma dönüştürmesi gerektiriyor
  ('/DibBar.cpp' kaynak dosyası derleniyor)
  
C:\Users\yigit\Desktop\Elvion Project\Elvion (3)\Elvion-core\Client\EterLib\DibBar.cpp(7,32): warning C4838: 'DWORD ile 'LONG arasında dönüştürme bir daraltma dönüştürmesi gerektiriyor
  ('/DibBar.cpp' kaynak dosyası derleniyor)
  
C:\Users\yigit\Desktop\Elvion Project\Elvion (3)\Elvion-core\Client\EterLib\DibBar.cpp(81,18): warning C4838: 'DWORD ile 'LONG arasında dönüştürme bir daraltma dönüştürmesi gerektiriyor
  ('/DibBar.cpp' kaynak dosyası derleniyor)
  
C:\Users\yigit\Desktop\Elvion Project\Elvion (3)\Elvion-core\Client\EterLib\DibBar.cpp(81,26): warning C4838: 'DWORD ile 'LONG arasında dönüştürme bir daraltma dönüştürmesi gerektiriyor
  ('/DibBar.cpp' kaynak dosyası derleniyor)
  
C:\Users\yigit\Desktop\Elvion Project\Elvion (3)\Elvion-core\Client\EterLib\DibBar.cpp(81,40): warning C4838: 'unsigned long ile 'LONG arasında dönüştürme bir daraltma dönüştürmesi gerektiriyor
  ('/DibBar.cpp' kaynak dosyası derleniyor)
  
C:\Users\yigit\Desktop\Elvion Project\Elvion (3)\Elvion-core\Client\EterLib\DibBar.cpp(81,61): warning C4838: 'unsigned long ile 'LONG arasında dönüştürme bir daraltma dönüştürmesi gerektiriyor
  ('/DibBar.cpp' kaynak dosyası derleniyor)
  
  TextFileLoader.cpp
C:\Users\yigit\Desktop\Elvion Project\Elvion (3)\Elvion-core\Client\EterLib\IME.cpp(313,2): warning C4996: 'GetVersionExA': kullanım dışı olarak bildirildi
  ('/IME.cpp' kaynak dosyası derleniyor)
  
C:\Users\yigit\Desktop\Elvion Project\Elvion (3)\Elvion-core\Client\EterLib\IME.cpp(1241,7): warning C4996: 'GetVersionExA': kullanım dışı olarak bildirildi
  ('/IME.cpp' kaynak dosyası derleniyor)
  
C:\Users\yigit\Desktop\Elvion Project\Elvion (3)\Elvion-core\Client\EterLib\GrpTextInstance.cpp(799,24): warning C4101: 'addXR': yerel değişken başvurusu kaldırıldı
  ('/GrpTextInstance.cpp' kaynak dosyası derleniyor)
  
C:\Users\yigit\Desktop\Elvion Project\Elvion (3)\Elvion-core\Client\EterLib\GrpTextInstance.cpp(799,10): warning C4101: 'addXL': yerel değişken başvurusu kaldırıldı
  ('/GrpTextInstance.cpp' kaynak dosyası derleniyor)
  
C:\Users\yigit\Desktop\Elvion Project\Elvion (3)\Elvion-core\Client\EterLib\GrpTextInstance.cpp(799,17): warning C4101: 'addYT': yerel değişken başvurusu kaldırıldı
  ('/GrpTextInstance.cpp' kaynak dosyası derleniyor)
  
C:\Users\yigit\Desktop\Elvion Project\Elvion (3)\Elvion-core\Client\EterLib\GrpTextInstance.cpp(799,31): warning C4101: 'addYB': yerel değişken başvurusu kaldırıldı
  ('/GrpTextInstance.cpp' kaynak dosyası derleniyor)
  
C:\Users\yigit\Desktop\Elvion Project\Elvion (3)\Elvion-core\Client\EterLib\GrpTextInstance.cpp(1919,31): warning C4267: '+=': 'size_t' - 'WORD' dönüşümü; veri kaybı olabilir
  ('/GrpTextInstance.cpp' kaynak dosyası derleniyor)
  
  eterlib.vcxproj -> C:\Users\yigit\Desktop\Elvion Project\Elvion (3)\Elvion-core\Client\EterLib\Release\eterlib.lib
