  StdAfx.cpp
  AttributeData.cpp
  AttributeInstance.cpp
  BlockTexture.cpp
  CRenderTarget.cpp
  CRenderTargetManager.cpp
  Camera.cpp
  CollisionData.cpp
  ColorTransitionHelper.cpp
  CullingManager.cpp
  Decal.cpp
  DibBar.cpp
  EnvironmentMap.cpp
F:\Elvion\Elvion-core\Client\eterlib\StateManager.h(167,13): warning C4101: y: neodkazovaná lokální proměnná
  (kompilování zdrojového souboru /BlockTexture.cpp)
  
F:\Elvion\Elvion-core\Client\EterLib\DibBar.cpp(7,21): warning C4838: Převod z: DWORD na: LONG vyžaduje zužující převod.
  (kompilování zdrojového souboru /DibBar.cpp)
  
F:\Elvion\Elvion-core\Client\EterLib\DibBar.cpp(7,32): warning C4838: Převod z: DWORD na: LONG vyžaduje zužující převod.
  (kompilování zdrojového souboru /DibBar.cpp)
  
F:\Elvion\Elvion-core\Client\EterLib\DibBar.cpp(81,18): warning C4838: Převod z: DWORD na: LONG vyžaduje zužující převod.
  (kompilování zdrojového souboru /DibBar.cpp)
  
F:\Elvion\Elvion-core\Client\EterLib\DibBar.cpp(81,26): warning C4838: Převod z: DWORD na: LONG vyžaduje zužující převod.
  (kompilování zdrojového souboru /DibBar.cpp)
  
F:\Elvion\Elvion-core\Client\EterLib\DibBar.cpp(81,40): warning C4838: Převod z: unsigned long na: LONG vyžaduje zužující převod.
  (kompilování zdrojového souboru /DibBar.cpp)
  
F:\Elvion\Elvion-core\Client\EterLib\DibBar.cpp(81,61): warning C4838: Převod z: unsigned long na: LONG vyžaduje zužující převod.
  (kompilování zdrojového souboru /DibBar.cpp)
  
F:\Elvion\Elvion-core\Client\EterLib\StateManager.h(167,13): warning C4101: y: neodkazovaná lokální proměnná
  (kompilování zdrojového souboru /Decal.cpp)
  
F:\Elvion\Elvion-core\Client\EterLib\StateManager.h(167,13): warning C4101: y: neodkazovaná lokální proměnná
  (kompilování zdrojového souboru /CollisionData.cpp)
  
  FileLoaderThread.cpp
  FileWatcher.cpp
  GrpBase.cpp
  GrpCollisionObject.cpp
  GrpColor.cpp
  GrpColorInstance.cpp
  GrpD3DXBuffer.cpp
  GrpDIB.cpp
  GrpDetector.cpp
  GrpDevice.cpp
F:\Elvion\Elvion-core\Client\eterlib\StateManager.h(167,13): warning C4101: y: neodkazovaná lokální proměnná
  (kompilování zdrojového souboru /CRenderTarget.cpp)
  
  GrpExpandedImageInstance.cpp
  GrpFontTexture.cpp
F:\Elvion\Elvion-core\Client\EterLib\StateManager.h(167,13): warning C4101: y: neodkazovaná lokální proměnná
  (kompilování zdrojového souboru /GrpBase.cpp)
  
  GrpImage.cpp
  GrpImageInstance.cpp
F:\Elvion\Elvion-core\Client\EterLib\StateManager.h(167,13): warning C4101: y: neodkazovaná lokální proměnná
  (kompilování zdrojového souboru /GrpDevice.cpp)
  
  GrpImageTexture.cpp
F:\Elvion\Elvion-core\Client\EterLib\StateManager.h(167,13): warning C4101: y: neodkazovaná lokální proměnná
  (kompilování zdrojového souboru /GrpExpandedImageInstance.cpp)
  
F:\Elvion\Elvion-core\Client\EterLib\StateManager.h(167,13): warning C4101: y: neodkazovaná lokální proměnná
  (kompilování zdrojového souboru /GrpImageInstance.cpp)
  
F:\Elvion\Elvion-core\Client\EterLib\GrpFontTexture.cpp(282,51): warning C4267: =: Převod z: size_t na: short, může dojít ke ztrátě dat.
  (kompilování zdrojového souboru /GrpFontTexture.cpp)
  
  GrpIndexBuffer.cpp
  GrpLightManager.cpp
  GrpMarkInstance.cpp
  GrpMath.cpp
  GrpObjectInstance.cpp
  GrpPixelShader.cpp
  GrpRatioInstance.cpp
  GrpRenderTargetTexture.cpp
F:\Elvion\Elvion-core\Client\EterLib\StateManager.h(167,13): warning C4101: y: neodkazovaná lokální proměnná
  (kompilování zdrojového souboru /GrpIndexBuffer.cpp)
  
F:\Elvion\Elvion-core\Client\EterLib\StateManager.h(167,13): warning C4101: y: neodkazovaná lokální proměnná
  (kompilování zdrojového souboru /GrpPixelShader.cpp)
  
  GrpScreen.cpp
  GrpShadowTexture.cpp
F:\Elvion\Elvion-core\Client\EterLib\StateManager.h(167,13): warning C4101: y: neodkazovaná lokální proměnná
  (kompilování zdrojového souboru /GrpRenderTargetTexture.cpp)
  
F:\Elvion\Elvion-core\Client\EterLib\StateManager.h(167,13): warning C4101: y: neodkazovaná lokální proměnná
  (kompilování zdrojového souboru /GrpLightManager.cpp)
  
  GrpSubImage.cpp
F:\Elvion\Elvion-core\Client\EterLib\StateManager.h(167,13): warning C4101: y: neodkazovaná lokální proměnná
  (kompilování zdrojového souboru /GrpMarkInstance.cpp)
  
  GrpText.cpp
  GrpTextInstance.cpp
F:\Elvion\Elvion-core\Client\EterLib\StateManager.h(167,13): warning C4101: y: neodkazovaná lokální proměnná
  (kompilování zdrojového souboru /GrpShadowTexture.cpp)
  
  GrpTexture.cpp
  GrpVertexBuffer.cpp
  GrpVertexBufferDynamic.cpp
F:\Elvion\Elvion-core\Client\EterLib\StateManager.h(167,13): warning C4101: y: neodkazovaná lokální proměnná
  (kompilování zdrojového souboru /GrpTexture.cpp)
  
F:\Elvion\Elvion-core\Client\EterLib\StateManager.h(167,13): warning C4101: y: neodkazovaná lokální proměnná
  (kompilování zdrojového souboru /GrpScreen.cpp)
  
F:\Elvion\Elvion-core\Client\EterLib\GrpScreen.cpp(709,43): warning C4838: Převod z: UINT na: LONG vyžaduje zužující převod.
  (kompilování zdrojového souboru /GrpScreen.cpp)
  
F:\Elvion\Elvion-core\Client\EterLib\GrpScreen.cpp(710,63): warning C4838: Převod z: UINT na: LONG vyžaduje zužující převod.
  (kompilování zdrojového souboru /GrpScreen.cpp)
  
F:\Elvion\Elvion-core\Client\EterLib\GrpScreen.cpp(710,103): warning C4838: Převod z: UINT na: LONG vyžaduje zužující převod.
  (kompilování zdrojového souboru /GrpScreen.cpp)
  
F:\Elvion\Elvion-core\Client\EterLib\GrpScreen.cpp(712,75): warning C4838: Převod z: UINT na: LONG vyžaduje zužující převod.
  (kompilování zdrojového souboru /GrpScreen.cpp)
  
  GrpVertexBufferStatic.cpp
F:\Elvion\Elvion-core\Client\EterLib\StateManager.h(167,13): warning C4101: y: neodkazovaná lokální proměnná
  (kompilování zdrojového souboru /GrpVertexBuffer.cpp)
  
  GrpVertexShader.cpp
  IME.cpp
  Input.cpp
F:\Elvion\Elvion-core\Client\EterLib\StateManager.h(167,13): warning C4101: y: neodkazovaná lokální proměnná
  (kompilování zdrojového souboru /GrpTextInstance.cpp)
  
  LensFlare.cpp
  MSApplication.cpp
F:\Elvion\Elvion-core\Client\EterLib\StateManager.h(167,13): warning C4101: y: neodkazovaná lokální proměnná
  (kompilování zdrojového souboru /GrpVertexShader.cpp)
  
  MSWindow.cpp
  Mutex.cpp
  NetAddress.cpp
  NetDatagram.cpp
F:\Elvion\Elvion-core\Client\EterLib\StateManager.h(167,13): warning C4101: y: neodkazovaná lokální proměnná
  (kompilování zdrojového souboru /LensFlare.cpp)
  
  NetDatagramReceiver.cpp
  NetDatagramSender.cpp
  NetDevice.cpp
  NetPacketHeaderMap.cpp
  NetStream.cpp
  PathStack.cpp
  ReferenceObject.cpp
  Resource.cpp
  ResourceManager.cpp
F:\Elvion\Elvion-core\Client\EterLib\IME.cpp(313,2): warning C4996: 'GetVersionExA': bylo deklarované jako zastaralé
  (kompilování zdrojového souboru /IME.cpp)
  
  ScreenFilter.cpp
  SkyBox.cpp
F:\Elvion\Elvion-core\Client\EterLib\GrpTextInstance.cpp(799,24): warning C4101: addXR: neodkazovaná lokální proměnná
  (kompilování zdrojového souboru /GrpTextInstance.cpp)
  
F:\Elvion\Elvion-core\Client\EterLib\GrpTextInstance.cpp(799,10): warning C4101: addXL: neodkazovaná lokální proměnná
  (kompilování zdrojového souboru /GrpTextInstance.cpp)
  
F:\Elvion\Elvion-core\Client\EterLib\GrpTextInstance.cpp(799,17): warning C4101: addYT: neodkazovaná lokální proměnná
  (kompilování zdrojového souboru /GrpTextInstance.cpp)
  
F:\Elvion\Elvion-core\Client\EterLib\GrpTextInstance.cpp(799,31): warning C4101: addYB: neodkazovaná lokální proměnná
  (kompilování zdrojového souboru /GrpTextInstance.cpp)
  
F:\Elvion\Elvion-core\Client\EterLib\GrpTextInstance.cpp(1919,31): warning C4267: +=: Převod z: size_t na: WORD, může dojít ke ztrátě dat.
  (kompilování zdrojového souboru /GrpTextInstance.cpp)
  
F:\Elvion\Elvion-core\Client\EterLib\IME.cpp(1241,7): warning C4996: 'GetVersionExA': bylo deklarované jako zastaralé
  (kompilování zdrojového souboru /IME.cpp)
  
  StateManager.cpp
  TargaResource.cpp
  TextBar.cpp
F:\Elvion\Elvion-core\Client\EterLib\StateManager.h(167,13): warning C4101: y: neodkazovaná lokální proměnná
  (kompilování zdrojového souboru /StateManager.cpp)
  
  TextFileLoader.cpp
F:\Elvion\Elvion-core\Client\EterLib\StateManager.h(167,13): warning C4101: y: neodkazovaná lokální proměnná
  (kompilování zdrojového souboru /SkyBox.cpp)
  
  TextTag.cpp
  Thread.cpp
  Util.cpp
  lineintersect_utils.cpp
  parser.cpp
F:\Elvion\Elvion-core\Client\EterLib\StateManager.h(167,13): warning C4101: y: neodkazovaná lokální proměnná
  (kompilování zdrojového souboru /ScreenFilter.cpp)
  
  eterlib.vcxproj -> F:\Elvion\Elvion-core\Client\EterLib\Debug\eterlib.lib
